=== 2026-07-10 22:11:37  C:\Users\DIRKKL~1\AppData\Local\Temp\snapmaker_orca_model\Fri_Jul_10\21_25_06#41796#52\Metadata\.41796.0.gcode.pp ===
============================================================
multiACE plan
============================================================
Colors: 8   Toolchanges: 862   Mid-print swaps: 9 (~34.2 min)

Slicer Loadout:
  ACE 0 Slot 0  T0   Brown (#804040 RGB(128,64,64))  (30x)
  ACE 0 Slot 1  T1   White (#ffffff RGB(255,255,255))  (271x)
  ACE 1 Slot 0  T4   Blue (#0080ff RGB(0,128,255))  (218x)
  ACE 1 Slot 1  T5   Gray (#808040 RGB(128,128,64))  (19x)
  ACE 1 Slot 2  T6   DarkBlue (#000080 RGB(0,0,128))  (49x)
  ACE 1 Slot 3  T7   Red (#ff0000 RGB(255,0,0))  (80x)
  ACE 2 Slot 2  T10  Gold (#ff8040 RGB(255,128,64))  (132x)
  ACE 2 Slot 3  T11  Green (#00ff00 RGB(0,255,0))  (63x)

--- OPTIMIZER: current assignment is already optimal ---

Layer-only swap analysis:
  Layers: 749   Max colors/layer: 4
  Feasible: YES  Minimum layer-only swaps: 6 (~22.8 min)
  ACEs needed: 2 (you have 3 - fits)
  Pre-load these colors before print:
    ACE 0 Slot 0  T0   Brown (#804040 RGB(128,64,64))
    ACE 1 Slot 1  T5   Gray (#808040 RGB(128,128,64))
    ACE 2 Slot 2  T10  Gold (#ff8040 RGB(255,128,64))
    ACE 1 Slot 3  T7   Red (#ff0000 RGB(255,0,0))
  Additional swap cartridges:
    ACE 0 Slot 1  T1   White (#ffffff RGB(255,255,255))
    ACE 1 Slot 0  T4   Blue (#0080ff RGB(0,128,255))
    ACE 2 Slot 3  T11  Green (#00ff00 RGB(0,255,0))
    ACE 1 Slot 2  T6   DarkBlue (#000080 RGB(0,0,128))
============================================================
Rewrite: 9 active ACE_SWAP_HEAD, 554 skipped, 2 swap-backs inserted
Auto-load: injected ACE_SWAP_HEAD for 4 head(s) before first T command
=== 2026-09-02 19:03:05  C:\Users\Stefano\Downloads\Moro_PLA_1d18h27m.gcode ===
============================================================
multiACE plan
============================================================
Colors: 6   Toolchanges: 2430   Mid-print swaps: 348 (~1322.4 min)

Slicer Loadout:
  ACE 0 Slot 0  T0   Green (#01a96a RGB(1,169,106))  (576x)
  ACE 0 Slot 1  T1   DarkGray (#342623ff RGB(52,38,35))  (551x)
  ACE 0 Slot 2  T2   LightGray (#d3d4d6ff RGB(211,212,214))  (1021x)
  ACE 0 Slot 3  T3   Brown (#a9434eff RGB(169,67,78))  (95x)
  ACE 1 Slot 0  T4   Brown (#808000 RGB(128,128,0))  (48x)
  ACE 1 Slot 1  T5   Gray (#808080 RGB(128,128,128))  (139x)

--- OPTIMIZER: 110 swaps possible (238 fewer, 68% less) ---
Optimized Print Loadout:
  ACE 0 Slot 0  T0   Green (#01a96a RGB(1,169,106))  (primary, 576x)
  ACE 0 Slot 1  T1   DarkGray (#342623ff RGB(52,38,35))  (primary, 551x)
  ACE 0 Slot 2  T2   LightGray (#d3d4d6ff RGB(211,212,214))  (primary, 1021x)
  ACE 0 Slot 3  T5   Gray (#808080 RGB(128,128,128))  (primary, 139x)
  ACE 1 Slot 0  T3   Brown (#a9434eff RGB(169,67,78))  (swap, 95x)
  ACE 1 Slot 1  T4   Brown (#808000 RGB(128,128,0))  (swap, 48x)

Layer-only swap analysis:
  Layers: 1295   Max colors/layer: 5
  Feasible: NO  (>4 distinct colors in some layer - needs mid-layer swaps)
============================================================
Rewrite: 348 active ACE_SWAP_HEAD, 13 skipped, 174 swap-backs inserted
Auto-load: injected ACE_SWAP_HEAD for 4 head(s) before first T command
